// Jest Snapshot v1, https://goo.gl/fbAQLP

exports[`ExtensionCard renders 1`] = `
<DocumentFragment>
  <div
    class="position-relative flex-1 extensionCard"
  >
    <div
      class="cardBody p-0 extension-card__body d-flex flex-column position-relative"
    >
      <div
        class="d-flex align-items-center backgroundSection blue"
      >
        <img
          alt=""
          class="icon"
          src="data:image/png,abcd"
        />
      </div>
      <div
        class="w-100 flex-grow-1 detailsSection"
      >
        <div
          class="mb-2"
        >
          <h3
            class="h3 mb-0 mr-1 text-truncate flex-1"
          >
            <a
              class=""
              href="/extensions/x/y"
            >
              typescript
            </a>
          </h3>
          <span>
            by sourcegraph
            <svg
              class="mdi-icon iconInline logo"
              fill="none"
              viewBox="0 -2 22 22"
              xmlns="http://www.w3.org/2000/svg"
            >
              <path
                clip-rule="evenodd"
                d="M4.52023 2.60624L7.99231 15.3189C8.22611 16.173 9.10635 16.6761 9.95913 16.443C10.8119 16.2085 11.3137 15.3263 11.0805 14.4722L7.60779 1.75882C7.374 0.904702 6.49375 0.401608 5.64097 0.635403C4.78886 0.869197 4.28643 1.75145 4.52023 2.60624Z"
                fill="#ff5543"
                fill-rule="evenodd"
              />
              <path
                clip-rule="evenodd"
                d="M10.9514 2.55785L2.25612 12.3913C1.66996 13.0545 1.73092 14.0687 2.39278 14.6562C3.05464 15.2437 4.06619 15.1821 4.65235 14.5189L13.3476 4.68544C13.9338 4.02224 13.8728 3.00869 13.211 2.42119C12.5491 1.83368 11.5382 1.89465 10.9514 2.55785Z"
                fill="#a112ff"
                fill-rule="evenodd"
              />
              <path
                clip-rule="evenodd"
                d="M1.09849 8.00782L13.499 12.1156C14.3384 12.3943 15.2434 11.9374 15.5214 11.0967C15.7994 10.2553 15.3432 9.34829 14.5045 9.07095L2.10333 4.96112C1.26395 4.68378 0.358918 5.13931 0.0815799 5.98071C-0.196428 6.8221 0.259103 7.72914 1.09849 8.00782Z"
                fill="#00cbec"
                fill-rule="evenodd"
              />
            </svg>
          </span>
        </div>
        <div
          class="mt-3 description"
        >
          <span
            class=""
          >
            d
          </span>
        </div>
      </div>
      <div
        class="d-flex flex-column align-items-end mt-1 togglesSection"
      >
        <div
          class="px-1"
        >
          <span
            class="text-muted small"
          >
            Disabled
          </span>
        </div>
        <div
          class="px-1 mt-2"
        >
          <span
            class="text-muted"
          >
            Disabled by default for all
          </span>
          <button
            aria-checked="false"
            class="toggle mx-2 inlineCenter"
            data-testid="extension-toggle-x/y"
            role="switch"
            title="Click to enable"
            type="button"
            value="0"
          >
            <span
              class="bar"
            />
            <span
              class="knob"
            />
          </button>
        </div>
      </div>
    </div>
  </div>
</DocumentFragment>
`;
